# samv7-linux

Linux patches for Atmel SAMV7 SoC.

A typical Linux boot looks something like this:

xboot v1.0
QSPI boot selected
Trying protocol 0 opcode 0x9f
Found memory with JEDEC ID 0x0020ba20.
Found supported memory with JEDEC ID 0x0020ba20 (N25Q512Ax3).
QSPI Flash: Micron Quad mode disabled, will enable it
QSPI: dt blob: Read from 0x400000 to 0x71000000 size: 24576 bytes
QSPI: Image: Read from 0x00 to 0x70007FC0, size: 2739072 bytes
QSPI Flash: Micron Quad mode enabled, will disable it
starting kernel 0x70008001

Booting Linux on physical CPU 0x0
Linux version 4.13.0-rc7 (root@devel) (gcc version 4.9.2 ( 4.9.2-10)) #6 Wed Aug 30 13:42:37 CEST 2017
CPU: ARMv7-M [410fc271] revision 1 (ARMv7M), cr=00000000
CPU: PIPT / VIPT nonaliasing data cache, PIPT instruction cache
OF: fdt: Machine model: SAME70-sampione board
Reserved memory: created DMA memory pool at 0x73e00000, size 2 MiB
OF: reserved mem: initialized node linux,dma, compatible id shared-dma-pool
Using ARMv7 PMSA Compliant MPU. Region independence: No, Used 4 of 16 regions
Built 1 zonelists in Zone order, mobility grouping off.  Total pages: 15748
Kernel command line: console=ttyS1,115200 rootfstype=ubifs rw ubi.mtd=2 root=ubi0:rootfs
PID hash table entries: 256 (order: -2, 1024 bytes)
Dentry cache hash table entries: 8192 (order: 3, 32768 bytes)
Inode-cache hash table entries: 4096 (order: 2, 16384 bytes)
Memory: 59964K/63488K available (1861K kernel code, 114K rwdata, 512K rodata, 76K init, 134K bss, 3524K reserved, 0K cma-reserved)
Virtual kernel memory layout:
    vector  : 0x00000000 - 0x00001000   (   4 kB)
    fixmap  : 0xffc00000 - 0xfff00000   (3072 kB)
    vmalloc : 0x00000000 - 0xffffffff   (4095 MB)
    lowmem  : 0x70000000 - 0x73e00000   (  62 MB)
    modules : 0x70000000 - 0x74000000   (  64 MB)
      .text : 0x70008000 - 0x701d98a0   (1863 kB)
      .init : 0x70275000 - 0x70288000   (  76 kB)
      .data : 0x70288000 - 0x702a4b80   ( 115 kB)
       .bss : 0x702a4b80 - 0x702c649c   ( 135 kB)
NR_IRQS: 16, nr_irqs: 16, preallocated irqs: 16
clocksource: timer@4000c000:0,1: mask: 0xffffffff max_cycles: 0xffffffff, max_idle_ns: 101933890472 ns
sched_clock: 32 bits at 18MHz, resolution 53ns, wraps every 114532461029ns
Calibrating delay loop... 577.53 BogoMIPS (lpj=2887680)
pid_max: default: 4096 minimum: 301
Mount-cache hash table entries: 1024 (order: 0, 4096 bytes)
Mountpoint-cache hash table entries: 1024 (order: 0, 4096 bytes)
devtmpfs: initialized
clocksource: jiffies: mask: 0xffffffff max_cycles: 0xffffffff, max_idle_ns: 19112604462750000 ns
pinctrl core: initialized pinctrl subsystem
DMA: default coherent area is set
random: get_random_u32 called from 0x700c94cd with crng_init=0
NET: Registered protocol family 16
gpio-at91 400e0e00.gpio: at address 400e0e00
gpio-at91 400e1000.gpio: at address 400e1000
gpio-at91 400e1200.gpio: at address 400e1200
gpio-at91 400e1400.gpio: at address 400e1400
gpio-at91 400e1600.gpio: at address 400e1600
pinctrl-at91 soc:pinctrl@400e0e00: initialized AT91 pinctrl driver
at_xdmac 40078000.dma-controller: 24 channels, mapped at 0x40078000
AT91: Detected SoC family: same7
AT91: Detected SoC: same70q20, revision 0
at91_i2c 40018000.i2c: using dma0chan0 (tx) and dma0chan1 (rx) for DMA transfers
at91_i2c 40018000.i2c: AT91 i2c bus driver (hw version: 0x610).
pps_core: LinuxPPS API ver. 1 registered
pps_core: Software ver. 5.3.6 - Copyright 2005-2007 Rodolfo Giometti <giometti@linux.it>
PTP clock support registered
Bluetooth: Core ver 2.22
NET: Registered protocol family 31
Bluetooth: HCI device and connection manager initialized
Bluetooth: HCI socket layer initialized
Bluetooth: L2CAP socket layer initialized
Bluetooth: SCO socket layer initialized
clocksource: Switched to clocksource timer@4000c000:0,1
NET: Registered protocol family 2
TCP established hash table entries: 1024 (order: 0, 4096 bytes)
TCP bind hash table entries: 1024 (order: 0, 4096 bytes)
TCP: Hash tables configured (established 1024 bind 1024)
UDP hash table entries: 256 (order: 0, 4096 bytes)
UDP-Lite hash table entries: 256 (order: 0, 4096 bytes)
NET: Registered protocol family 1
workingset: timestamp_bits=30 max_order=14 bucket_order=0
random: fast init done
io scheduler noop registered
io scheduler deadline registered (default)
40024000.serial: ttyS0 at MMIO 0x40024000 (irq = 200, base_baud = 9375000) is a ATMEL_SERIAL
40028000.serial: ttyS1 at MMIO 0x40028000 (irq = 201, base_baud = 9375000) is a ATMEL_SERIAL
console [ttyS1] enabled
400e0800.serial: ttyS3 at MMIO 0x400e0800 (irq = 202, base_baud = 9375000) is a ATMEL_SERIAL
400e0a00.serial: ttyS4 at MMIO 0x400e0a00 (irq = 203, base_baud = 9375000) is a ATMEL_SERIAL
400e1a00.serial: ttyS5 at MMIO 0x400e1a00 (irq = 204, base_baud = 9375000) is a ATMEL_SERIAL
400e1e00.serial: ttyS7 at MMIO 0x400e1e00 (irq = 205, base_baud = 9375000) is a ATMEL_SERIAL
atmel_qspi 4007c000.qspi: n25q512ax3 (65536 Kbytes)
3 ofpart partitions found on MTD device 4007c000.qspi
Creating 3 MTD partitions on "4007c000.qspi":
0x000000000000-0x000000400000 : "qspi-linux-kernel"
0x000000400000-0x000000420000 : "qspi-device-tree"
0x000000420000-0x000004000000 : "qspi-rootfs"
atmel_spi 40008000.spi: Using dma0chan2 (tx) and dma0chan3 (rx) for DMA transfers
atmel_spi 40008000.spi: Using FIFO (0 data)
atmel_spi 40008000.spi: Atmel SPI Controller version 0x232 at 0x40008000 (irq 197)
libphy: Fixed MDIO Bus: probed
CAN device driver interface
m_can 40034000.can: m_can device registered (irq=185, version=30)
libphy: MACB_mii_bus: probed
NS DP83848C 10/100 Mbps PHY 40050000.ethernet-ffffffff:01: attached PHY driver [NS DP83848C 10/100 Mbps PHY] (mii_bus:phy_addr=40050000.ethernet-ffffffff:01, irq=97)
macb 40050000.ethernet eth0: Cadence GEM rev 0x00020203 at 0x40050000 irq 209 (02:97:2d:60:64:39)
rtc rtc0: invalid alarm value: 1900-1-1 0:0:0
at91_rtc 400e1860.rtc: registered as rtc0
at91_rtc 400e1860.rtc: AT91 Real Time Clock driver.
rtc-at91sam9 400e1830.rtt: rtc core: registered 400e1830.rtt as rtc1
rtc-at91sam9 400e1830.rtt: rtc1: SET TIME!
i2c /dev entries driver
AT91: Starting after software reset
at91sam9_wdt: enabled (heartbeat=8 sec, nowayout=0)
Bluetooth: HCI UART driver ver 2.3
Bluetooth: HCI UART protocol H4 registered
Bluetooth: HCI UART protocol BCSP registered
Bluetooth: HCI UART protocol ATH3K registered
Bluetooth: HCI UART protocol Three-wire (H5) registered
Bluetooth: HCI UART protocol Intel registered
Bluetooth: HCI UART protocol Broadcom registered
Bluetooth: HCI UART protocol QCA registered
Bluetooth: HCI UART protocol AG6XX registered
Bluetooth: HCI UART protocol Marvell registered
atmel_mci 40000000.mmc: version: 0x600
atmel_mci 40000000.mmc: using dma0chan4 for DMA transfers
atmel_mci 40000000.mmc: Atmel MCI controller at 0x40000000 irq 196, 1 slots
atmel_aes 4006c000.aes: version: 0x201
atmel_aes 4006c000.aes: Atmel AES - Using dma0chan5, dma0chan6 for DMA transfers
samv7_adc 4003c000.adc: version: 0x213
samv7_adc 40064000.adc: version: 0x213
samv7_dac 40040000.dac: version: 0x306
NET: Registered protocol family 17
can: controller area network core (rev 20170425 abi 9)
NET: Registered protocol family 29
can: raw protocol (rev 20170425)
can: broadcast manager protocol (rev 20170425 t)
can: netlink gateway (rev 20170425) max_hops=1
Bluetooth: RFCOMM TTY layer initialized
Bluetooth: RFCOMM socket layer initialized
Bluetooth: RFCOMM ver 1.11
Bluetooth: BNEP (Ethernet Emulation) ver 1.3
Bluetooth: BNEP filters: protocol multicast
Bluetooth: BNEP socket layer initialized
ubi0: default fastmap pool size: 45
ubi0: default fastmap WL pool size: 22
ubi0: attaching mtd2
mmc0: host does not support reading read-only switch, assuming write-enable
mmc0: new high speed SDHC card at address aaaa
mmcblk0: mmc0:aaaa SL08G 7.40 GiB 
 mmcblk0: p1 p2
ubi0: scanning is finished
ubi0: attached mtd2 (name "qspi-rootfs", size 59 MiB)
ubi0: PEB size: 65536 bytes (64 KiB), LEB size: 65408 bytes
ubi0: min./max. I/O unit sizes: 1/256, sub-page size 1
ubi0: VID header offset: 64 (aligned 64), data offset: 128
ubi0: good PEBs: 958, bad PEBs: 0, corrupted PEBs: 0
ubi0: user volume: 1, internal volumes: 1, max. volumes count: 128
ubi0: max/mean erase counter: 6/3, WL threshold: 4096, image sequence number: 1092114250
ubi0: available PEBs: 0, total reserved PEBs: 958, PEBs reserved for bad PEB handling: 0
at91_rtc 400e1860.rtc: setting system clock to 2012-01-01 04:38:06 UTC (1325392686)
atmel_usart 40028000.serial: using dma0chan7 for rx DMA transfers
atmel_usart 40028000.serial: using dma0chan8 for tx DMA transfers
ubi0: background thread "ubi_bgt0d" started, PID 55
UBIFS (ubi0:0): background thread "ubifs_bgt0_0" started, PID 56
UBIFS (ubi0:0): recovery needed
UBIFS (ubi0:0): recovery completed
UBIFS (ubi0:0): UBIFS: mounted UBI device 0, volume 0, name "rootfs"
UBIFS (ubi0:0): LEB size: 65408 bytes (63 KiB), min./max. I/O unit sizes: 8 bytes/256 bytes
UBIFS (ubi0:0): FS size: 61614336 bytes (58 MiB, 942 LEBs), journal size 3074176 bytes (2 MiB, 47 LEBs)
UBIFS (ubi0:0): reserved for root: 2910196 bytes (2841 KiB)
UBIFS (ubi0:0): media format: w5/r0 (latest is w5/r0), UUID 0D954079-87C5-4594-8BB4-E94012E476CA, small LPT model
VFS: Mounted root (ubifs filesystem) on device 0:12.
devtmpfs: mounted
Freeing unused kernel memory: 76K
This architecture does not have kernel memory protection.
Starting logging: OK
Initializing random number generator... done.
Starting network: macb 40050000.ethernet eth0: link up (100/Full)
OK
Starting inetd: OK
Starting lighttpd: OK

Welcome to Buildroot
buildroot login: random: crng init done

